Microchip Technology Inc, v1.32 (B)

Tool Name:
  c:\program files (x86)\microchip\xc16\v1.32\bin\bin\..\bin/elf-ld.exe

Command:
  -p24FJ32GA102 \
  -o \
  dist/default/production/Smart_Plug.X.production.elf \
  -Lc:/program files (x86)/microchip/xc16/v1.32/bin/bin/.. \
  -Lc:/program files (x86)/microchip/xc16/v1.32/bin/bin/../../lib \
  -Lc:/program files (x86)/microchip/xc16/v1.32/bin/bin/../../support/PIC24E/gld \
  -Lc:/program files (x86)/microchip/xc16/v1.32/bin/bin/../../support/PIC24F/gld \
  -Lc:/program files (x86)/microchip/xc16/v1.32/bin/bin/../../support/PIC24H/gld \
  -Lc:/program files (x86)/microchip/xc16/v1.32/bin/bin/../../support/dsPIC30F/gld \
  -Lc:/program files (x86)/microchip/xc16/v1.32/bin/bin/../../support/dsPIC33E/gld \
  -Lc:/program files (x86)/microchip/xc16/v1.32/bin/bin/../../support/dsPIC33F/gld \
  build/default/production/_ext/1728301206/hardware.o \
  build/default/production/_ext/1728301206/UART1.o \
  build/default/production/_ext/1728301206/Tick.o \
  build/default/production/_ext/1728301206/UART2.o \
  build/default/production/_ext/1728301206/main.o \
  build/default/production/_ext/1728301206/PowerMeter.o \
  build/default/production/_ext/1728301206/RN4020.o \
  --defsym=__MPLAB_BUILD=1 \
  -Tp24FJ32GA102.gld.00 \
  --stack=16 \
  --check-sections \
  --data-init \
  --pack-data \
  --handles \
  --isr \
  --no-gc-sections \
  --fill-upper=0 \
  --stackguard=16 \
  --no-force-link \
  --smart-io \
  -Map=dist/default/production/Smart Plug.X.production.map \
  --report-mem \
  --memorysummary \
  dist/default/production/memoryfile.xml \
  -start-group \
  --library=pic30-elf \
  --library=m-elf \
  --library=c-elf \
  -end-group \


Optional library libpPIC24Fxxx.a not found
Archive member included because of file (symbol)

c:/program files (x86)/microchip/xc16/v1.32/bin/bin/../../lib\libpic30-elf.a(crt0_standard.o)
                              (__resetPRI)
c:/program files (x86)/microchip/xc16/v1.32/bin/bin/../../lib\libpic30-elf.a(data_init_standard.o)
                              c:/program files (x86)/microchip/xc16/v1.32/bin/bin/../../lib\libpic30-elf.a(crt0_standard.o) (__data_init_standard)
c:/program files (x86)/microchip/xc16/v1.32/bin/bin/../../lib\libpic30-elf.a(crt_start_mode_normal.eo)
                              (__crt_start_mode_normal)
c:/program files (x86)/microchip/xc16/v1.32/bin/bin/../../lib\libc-elf.a(memcpy.eo)
                              build/default/production/_ext/1728301206/UART1.o (_memcpy)
c:/program files (x86)/microchip/xc16/v1.32/bin/bin/../../lib\libc-elf.a(strcmp.eo)
                              build/default/production/_ext/1728301206/RN4020.o (_strcmp)
c:/program files (x86)/microchip/xc16/v1.32/bin/bin/../../lib\libc-elf.a(strcpy.eo)
                              build/default/production/_ext/1728301206/RN4020.o (_strcpy)
c:/program files (x86)/microchip/xc16/v1.32/bin/bin/../../lib\libc-elf.a(strlen.eo)
                              build/default/production/_ext/1728301206/RN4020.o (_strlen)
c:/program files (x86)/microchip/xc16/v1.32/bin/bin/../../lib\libc-elf.a(strstr.eo)
                              build/default/production/_ext/1728301206/RN4020.o (_strstr)
c:/program files (x86)/microchip/xc16/v1.32/bin/bin/../../lib\libc-elf.a(strchr.elo)
                              c:/program files (x86)/microchip/xc16/v1.32/bin/bin/../../lib\libc-elf.a(strstr.eo) (_strchr)
c:/program files (x86)/microchip/xc16/v1.32/bin/bin/../../lib\libc-elf.a(strncmp.eo)
                              c:/program files (x86)/microchip/xc16/v1.32/bin/bin/../../lib\libc-elf.a(strstr.eo) (_strncmp)


xc16-ld 1.32 (B)

Program Memory  [Origin = 0x200, Length = 0x55f8]

section                    address   length (PC units)   length (bytes) (dec)
-------                    -------   -----------------   --------------------
.text                        0x200               0x34e           0x4f5  (1269)
.const                       0x54e               0x514           0x79e  (1950)
.text                        0xa62              0x1148          0x19ec  (6636)
.dinit                      0x1baa                0x4e            0x75  (117)
.text                       0x1bf8                0x6a            0x9f  (159)

                 Total program memory used (bytes):         0x2793  (10131) 30%


Ivt Memory  [Origin = 0x4, Length = 0xfc]

section                    address   length (PC units)   length (bytes) (dec)
-------                    -------   -----------------   --------------------
.ivt._U1RXInterrupt           0x2a                 0x2             0x3  (3)
.ivt._U1TXInterrupt           0x2c                 0x2             0x3  (3)
.ivt._T5Interrupt             0x4c                 0x2             0x3  (3)
.ivt._U2RXInterrupt           0x50                 0x2             0x3  (3)
.ivt._U2TXInterrupt           0x52                 0x2             0x3  (3)


Data Memory  [Origin = 0x800, Length = 0x2000]

section                    address      alignment gaps    total length  (dec)
-------                    -------      --------------    -------------------
.nbss                        0x800                   0            0x44  (68)
.ndata                       0x844                   0             0x4  (4)
.bss                         0x848                   0           0x3dc  (988)

                 Total data memory used (bytes):          0x424  (1060) 12%


Dynamic Memory Usage

region                     address                      maximum length  (dec)
------                     -------                      ---------------------
heap                             0                                   0  (0)
stack                        0xc24                              0x1bdc  (7132)

                 Maximum dynamic memory (bytes):         0x1bdc  (7132)


External Symbols in Data Memory (by address):

                    0x0800                  _rnState
                    0x0802                  _RN4020InBufferLen
                    0x0804                  _RN4020Connected
                    0x0810                  _u2PacketTick
                    0x0812                  _u2RxTick
                    0x0814                  _u2TxCount
                    0x0816                  _u2IsDataReady
                    0x0818                  _u2TxLen
                    0x081a                  _u2RxCount
                    0x081c                  _u2ClearBufferWhileSending
                    0x081e                  _u1PacketTick
                    0x0820                  _u1RxTick
                    0x0822                  _u1TxCount
                    0x0824                  _u1IsDataReady
                    0x0826                  _u1TxLen
                    0x0828                  _u1RxCount
                    0x082a                  _pmDataLen
                    0x082b                  _pmDataLenEnergy
                    0x082c                  _CalibrationState
                    0x082d                  _ReadingState
                    0x082e                  _RelaytoDefault
                    0x082f                  _RelayOnStartUp
                    0x0830                  _Calibration1
                    0x0831                  _Calibration2
                    0x0832                  _Voltage_Energy_switch
                    0x0833                  _ReadCommand
                    0x0834                  _TickMs
                    0x083c                  _sendData
                    0x083f                  _StartCommandDelay
                    0x0840                  _StartEnergyCounting
                    0x0842                  _counter
                    0x0844                  _BTmoduleON
                    0x0846                  _bOwner
                    0x0848                  _u2TxBuffer
                    0x0948                  _u2RxBuffer
                    0x0a48                  _RN4020InBuffer
                    0x0b48                  _RN4020ID
                    0x0b5c                  _u1TxBuffer
                    0x0b8e                  _u1RxBuffer
                    0x0bc0                  _pmData
                    0x0bf2                  _pmDataEnergy

External Symbols in Data Memory (by name):

                    0x0844                  _BTmoduleON
                    0x0830                  _Calibration1
                    0x0831                  _Calibration2
                    0x082c                  _CalibrationState
                    0x0804                  _RN4020Connected
                    0x0b48                  _RN4020ID
                    0x0a48                  _RN4020InBuffer
                    0x0802                  _RN4020InBufferLen
                    0x0833                  _ReadCommand
                    0x082d                  _ReadingState
                    0x082f                  _RelayOnStartUp
                    0x082e                  _RelaytoDefault
                    0x083f                  _StartCommandDelay
                    0x0840                  _StartEnergyCounting
                    0x0834                  _TickMs
                    0x0832                  _Voltage_Energy_switch
                    0x0846                  _bOwner
                    0x0842                  _counter
                    0x0bc0                  _pmData
                    0x0bf2                  _pmDataEnergy
                    0x082a                  _pmDataLen
                    0x082b                  _pmDataLenEnergy
                    0x0800                  _rnState
                    0x083c                  _sendData
                    0x0824                  _u1IsDataReady
                    0x081e                  _u1PacketTick
                    0x0b8e                  _u1RxBuffer
                    0x0828                  _u1RxCount
                    0x0820                  _u1RxTick
                    0x0b5c                  _u1TxBuffer
                    0x0822                  _u1TxCount
                    0x0826                  _u1TxLen
                    0x081c                  _u2ClearBufferWhileSending
                    0x0816                  _u2IsDataReady
                    0x0810                  _u2PacketTick
                    0x0948                  _u2RxBuffer
                    0x081a                  _u2RxCount
                    0x0812                  _u2RxTick
                    0x0848                  _u2TxBuffer
                    0x0814                  _u2TxCount
                    0x0818                  _u2TxLen

External Symbols in Program Memory (by address):

                  0x000200                  __resetPRI
                  0x00023c                  __psv_init
                  0x000252                  __data_init_standard
                  0x000252                  __data_init
                  0x0002c8                  __U1RXInterrupt
                  0x000338                  __U1TXInterrupt
                  0x000386                  __T5Interrupt
                  0x0003c8                  __U2RXInterrupt
                  0x000462                  __U2TXInterrupt
                  0x0004b0                  __DefaultInterrupt
                  0x0004b6                  _memcpy
                  0x0004c4                  _strcmp
                  0x0004d2                  _strcpy
                  0x0004de                  _strlen
                  0x0004ea                  _strstr
                  0x000516                  _strchr
                  0x000530                  _strncmp
                  0x00054e                  _rnConfig
                  0x000a26                  _BT_off
                  0x000a62                  _PowerMeterInit
                  0x000a6c                  _PowerMeterGetData
                  0x000a82                  _PowerMeterGetDataEnergy
                  0x000a98                  _PowerMeterGetDataSize
                  0x000aa0                  _PowerMeterGetDataSizeEnergy
                  0x000aa8                  _PowerMeterClearBuffer
                  0x000ab0                  _PowerMeterClearEnergyBuffer
                  0x000ab8                  _PowerMeterRead
                  0x000b18                  _PowerMeterReadEnergy
                  0x000b78                  _StartEnergyCount
                  0x000bec                  _StopEnergyCount
                  0x000c60                  _Calibration1Sequence
                  0x000dc2                  _Calibration2Sequence
                  0x000e92                  _ReadVoltage
                  0x000f8e                  _SetRange
                  0x0010b6                  _FrequencyCalibrationCommand
                  0x0010ee                  _GainCalibrationCommand
                  0x001126                  _ReactiveCalibrationCommand
                  0x00115e                  _SaveToFlashCommand
                  0x001196                  _main
                  0x0014b4                  _RN4020CommandHandler
                  0x0015ec                  _RN4020Init
                  0x001628                  _RN4020Task
                  0x0018ac                  _RN4020_BT_OFF
                  0x0018da                  _IsSystemMessage
                  0x00193c                  _RN4020SendData
                  0x00195e                  _RN4020GetData
                  0x001974                  _RN4020GetDataSize
                  0x00197c                  _RN4020ClearBuffer
                  0x001984                  _toUpper
                  0x0019cc                  _RN4020isConnected
                  0x0019d4                  _U1Init
                  0x001a2e                  _UART1SendData
                  0x001a54                  _UART1ReceiveData
                  0x001a90                  _Checksum
                  0x001aa4                  _UART1TickHandler
                  0x001ac2                  _U2Init
                  0x001b1c                  _UART2SendData
                  0x001b42                  _UART2ReceiveData
                  0x001b7e                  _UART2TickHandler
                  0x001b9c                  _UART2SetClearBufferWhileSending
                  0x001bf8                  _TickInit
                  0x001c20                  _TickGet
                  0x001c38                  _HardwareInit

External Symbols in Program Memory (by name):

                  0x000a26                  _BT_off
                  0x000c60                  _Calibration1Sequence
                  0x000dc2                  _Calibration2Sequence
                  0x001a90                  _Checksum
                  0x0010b6                  _FrequencyCalibrationCommand
                  0x0010ee                  _GainCalibrationCommand
                  0x001c38                  _HardwareInit
                  0x0018da                  _IsSystemMessage
                  0x000aa8                  _PowerMeterClearBuffer
                  0x000ab0                  _PowerMeterClearEnergyBuffer
                  0x000a6c                  _PowerMeterGetData
                  0x000a82                  _PowerMeterGetDataEnergy
                  0x000a98                  _PowerMeterGetDataSize
                  0x000aa0                  _PowerMeterGetDataSizeEnergy
                  0x000a62                  _PowerMeterInit
                  0x000ab8                  _PowerMeterRead
                  0x000b18                  _PowerMeterReadEnergy
                  0x00197c                  _RN4020ClearBuffer
                  0x0014b4                  _RN4020CommandHandler
                  0x00195e                  _RN4020GetData
                  0x001974                  _RN4020GetDataSize
                  0x0015ec                  _RN4020Init
                  0x00193c                  _RN4020SendData
                  0x001628                  _RN4020Task
                  0x0018ac                  _RN4020_BT_OFF
                  0x0019cc                  _RN4020isConnected
                  0x001126                  _ReactiveCalibrationCommand
                  0x000e92                  _ReadVoltage
                  0x00115e                  _SaveToFlashCommand
                  0x000f8e                  _SetRange
                  0x000b78                  _StartEnergyCount
                  0x000bec                  _StopEnergyCount
                  0x001c20                  _TickGet
                  0x001bf8                  _TickInit
                  0x0019d4                  _U1Init
                  0x001ac2                  _U2Init
                  0x001a54                  _UART1ReceiveData
                  0x001a2e                  _UART1SendData
                  0x001aa4                  _UART1TickHandler
                  0x001b42                  _UART2ReceiveData
                  0x001b1c                  _UART2SendData
                  0x001b9c                  _UART2SetClearBufferWhileSending
                  0x001b7e                  _UART2TickHandler
                  0x0004b0                  __DefaultInterrupt
                  0x000386                  __T5Interrupt
                  0x0002c8                  __U1RXInterrupt
                  0x000338                  __U1TXInterrupt
                  0x0003c8                  __U2RXInterrupt
                  0x000462                  __U2TXInterrupt
                  0x000252                  __data_init
                  0x000252                  __data_init_standard
                  0x00023c                  __psv_init
                  0x000200                  __resetPRI
                  0x001196                  _main
                  0x0004b6                  _memcpy
                  0x00054e                  _rnConfig
                  0x000516                  _strchr
                  0x0004c4                  _strcmp
                  0x0004d2                  _strcpy
                  0x0004de                  _strlen
                  0x000530                  _strncmp
                  0x0004ea                  _strstr
                  0x001984                  _toUpper

Memory Configuration

Name             Origin             Length             Attributes
data             0x000800           0x002000           a !xr
reset            0x000000           0x000004  
ivt              0x000004           0x0000fc  
_reserved        0x000100           0x000004  
aivt             0x000104           0x0000fc  
program          0x000200           0x0055f8           xr
CONFIG4          0x0057f8           0x000002  
CONFIG3          0x0057fa           0x000002  
CONFIG2          0x0057fc           0x000002  
CONFIG1          0x0057fe           0x000002  
*default*        0x000000           0xffffffff  

Linker script and memory map

LOAD build/default/production/_ext/1728301206/hardware.o
LOAD build/default/production/_ext/1728301206/UART1.o
LOAD build/default/production/_ext/1728301206/Tick.o
LOAD build/default/production/_ext/1728301206/UART2.o
LOAD build/default/production/_ext/1728301206/main.o
LOAD build/default/production/_ext/1728301206/PowerMeter.o
LOAD build/default/production/_ext/1728301206/RN4020.o
                    0x0001                  __MPLAB_BUILD = 0x1
LOAD pPIC24Fxxx
LOAD c:/program files (x86)/microchip/xc16/v1.32/bin/bin/../../lib\libfx-elf.a
                    0x57f8                  __CONFIG4 = 0x57f8
                    0x57fa                  __CONFIG3 = 0x57fa
                    0x57fc                  __CONFIG2 = 0x57fc
                    0x57fe                  __CONFIG1 = 0x57fe
                    0x0001                  __NO_HANDLES = 0x1
                    0x0200                  __CODE_BASE = 0x200
                    0x55f8                  __CODE_LENGTH = 0x55f8
                    0x0004                  __IVT_BASE = 0x4
                    0x0104                  __AIVT_BASE = 0x104
                    0x0800                  __DATA_BASE = 0x800
                    0x2000                  __DATA_LENGTH = 0x2000

.reset            0x000000          0x4
                  0x000000          0x2 SHORT 0x200 ABSOLUTE (__reset)
                  0x000001          0x2 SHORT 0x4
                  0x000002          0x2 SHORT 0x0 ((ABSOLUTE (__reset) >> 0x10) & 0x7f)
                  0x000003          0x2 SHORT 0x0

.text             0x000200        0x34e
 *(.init)
 .init            0x000200         0x4c c:/program files (x86)/microchip/xc16/v1.32/bin/bin/../../lib\libpic30-elf.a(crt0_standard.o)
                  0x000200                  __resetPRI
                  0x000200                  __reset
                  0x00023c                  __psv_init
 .init            0x00024c         0x7c c:/program files (x86)/microchip/xc16/v1.32/bin/bin/../../lib\libpic30-elf.a(data_init_standard.o)
                  0x000252                  __data_init_standard
                  0x000252                  __data_init
 *(.user_init)
 *(.handle)
 *(.isr*)
 .isr.text        0x0002c8         0xbe build/default/production/_ext/1728301206/UART1.o
                  0x0002c8                  __U1RXInterrupt
                  0x000338                  __U1TXInterrupt
 .isr.text        0x000386         0x42 build/default/production/_ext/1728301206/Tick.o
                  0x000386                  __T5Interrupt
 .isr.text        0x0003c8         0xe8 build/default/production/_ext/1728301206/UART2.o
                  0x0003c8                  __U2RXInterrupt
                  0x000462                  __U2TXInterrupt
 .isr             0x0004b0          0x4 default_isr
                  0x0004b0                  __DefaultInterrupt
 *(.libc)
 *(.libm)
 *(.libdsp)
 *(.lib*)
 .libpic30_crt_start_mode
                  0x0004b4          0x2 c:/program files (x86)/microchip/xc16/v1.32/bin/bin/../../lib\libpic30-elf.a(crt_start_mode_normal.eo)
                  0x0004b4                  __crt_start_mode
                  0x0004b4                  __crt_start_mode_normal
 .libc.memcpy     0x0004b6          0xe c:/program files (x86)/microchip/xc16/v1.32/bin/bin/../../lib\libc-elf.a(memcpy.eo)
                  0x0004b6                  _memcpy
 .libc.strcmp     0x0004c4          0xe c:/program files (x86)/microchip/xc16/v1.32/bin/bin/../../lib\libc-elf.a(strcmp.eo)
                  0x0004c4                  _strcmp
 .libc.strcpy     0x0004d2          0xc c:/program files (x86)/microchip/xc16/v1.32/bin/bin/../../lib\libc-elf.a(strcpy.eo)
                  0x0004d2                  _strcpy
 .libc.strlen     0x0004de          0xc c:/program files (x86)/microchip/xc16/v1.32/bin/bin/../../lib\libc-elf.a(strlen.eo)
                  0x0004de                  _strlen
 .libc.strstr     0x0004ea         0x2c c:/program files (x86)/microchip/xc16/v1.32/bin/bin/../../lib\libc-elf.a(strstr.eo)
                  0x0004ea                  _strstr
 .libc.strchr     0x000516         0x1a c:/program files (x86)/microchip/xc16/v1.32/bin/bin/../../lib\libc-elf.a(strchr.elo)
                  0x000516                  _strchr
 .libc.strncmp    0x000530         0x1e c:/program files (x86)/microchip/xc16/v1.32/bin/bin/../../lib\libc-elf.a(strncmp.eo)
                  0x000530                  _strncmp

usercode
 *(usercode)

__CONFIG4
 *(__CONFIG4.sec*)

__CONFIG3
 *(__CONFIG3.sec*)

__CONFIG2
 *(__CONFIG2.sec*)

__CONFIG1
 *(__CONFIG1.sec*)

.comment
 *(.comment)

.debug_info       0x000000       0x52fb
 *(.debug_info)
 .debug_info      0x000000        0x5d1 build/default/production/_ext/1728301206/hardware.o
 .debug_info      0x0005d1       0x14e5 build/default/production/_ext/1728301206/UART1.o
 .debug_info      0x001ab6        0x767 build/default/production/_ext/1728301206/Tick.o
 .debug_info      0x00221d       0x13b8 build/default/production/_ext/1728301206/UART2.o
 .debug_info      0x0035d5        0x940 build/default/production/_ext/1728301206/main.o
 .debug_info      0x003f15        0x794 build/default/production/_ext/1728301206/PowerMeter.o
 .debug_info      0x0046a9        0xc52 build/default/production/_ext/1728301206/RN4020.o
 *(.gnu.linkonce.wi.*)

.debug_abbrev     0x000000        0x93f
 *(.debug_abbrev)
 .debug_abbrev    0x000000         0xa7 build/default/production/_ext/1728301206/hardware.o
 .debug_abbrev    0x0000a7        0x1a3 build/default/production/_ext/1728301206/UART1.o
 .debug_abbrev    0x00024a        0x133 build/default/production/_ext/1728301206/Tick.o
 .debug_abbrev    0x00037d        0x196 build/default/production/_ext/1728301206/UART2.o
 .debug_abbrev    0x000513        0x10a build/default/production/_ext/1728301206/main.o
 .debug_abbrev    0x00061d        0x13a build/default/production/_ext/1728301206/PowerMeter.o
 .debug_abbrev    0x000757        0x1e8 build/default/production/_ext/1728301206/RN4020.o

.debug_line       0x000000        0x98c
 *(.debug_line)
 .debug_line      0x000000         0xa9 build/default/production/_ext/1728301206/hardware.o
 .debug_line      0x0000a9        0x14d build/default/production/_ext/1728301206/UART1.o
 .debug_line      0x0001f6        0x10e build/default/production/_ext/1728301206/Tick.o
 .debug_line      0x000304        0x159 build/default/production/_ext/1728301206/UART2.o
 .debug_line      0x00045d        0x1bf build/default/production/_ext/1728301206/main.o
 .debug_line      0x00061c        0x1c8 build/default/production/_ext/1728301206/PowerMeter.o
 .debug_line      0x0007e4        0x1a8 build/default/production/_ext/1728301206/RN4020.o

.debug_frame      0x000000        0x66e
 *(.debug_frame)
 .debug_frame     0x000000         0x30 build/default/production/_ext/1728301206/hardware.o
 .debug_frame     0x000030         0xfc build/default/production/_ext/1728301206/UART1.o
 .debug_frame     0x00012c         0x90 build/default/production/_ext/1728301206/Tick.o
 .debug_frame     0x0001bc         0xfc build/default/production/_ext/1728301206/UART2.o
 .debug_frame     0x0002b8         0x54 build/default/production/_ext/1728301206/main.o
 .debug_frame     0x00030c        0x22e build/default/production/_ext/1728301206/PowerMeter.o
 .debug_frame     0x00053a        0x134 build/default/production/_ext/1728301206/RN4020.o

.debug_str        0x000000        0x3d9
 *(.debug_str)
 .debug_str       0x000000         0x27 build/default/production/_ext/1728301206/hardware.o
 .debug_str       0x000027         0xb9 build/default/production/_ext/1728301206/UART1.o
 .debug_str       0x0000e0         0x25 build/default/production/_ext/1728301206/Tick.o
 .debug_str       0x000105         0xca build/default/production/_ext/1728301206/UART2.o
 .debug_str       0x0001cf         0xd5 build/default/production/_ext/1728301206/main.o
 .debug_str       0x0002a4         0xa4 build/default/production/_ext/1728301206/PowerMeter.o
 .debug_str       0x000348         0x91 build/default/production/_ext/1728301206/RN4020.o

.debug_loc
 *(.debug_loc)

.debug_macinfo
 *(.debug_macinfo)

.debug_pubnames
                  0x000000        0x725
 *(.debug_pubnames)
 .debug_pubnames
                  0x000000         0x23 build/default/production/_ext/1728301206/hardware.o
 .debug_pubnames
                  0x000023        0x102 build/default/production/_ext/1728301206/UART1.o
 .debug_pubnames
                  0x000125         0x47 build/default/production/_ext/1728301206/Tick.o
 .debug_pubnames
                  0x00016c        0x137 build/default/production/_ext/1728301206/UART2.o
 .debug_pubnames
                  0x0002a3         0x8a build/default/production/_ext/1728301206/main.o
 .debug_pubnames
                  0x00032d        0x2b6 build/default/production/_ext/1728301206/PowerMeter.o
 .debug_pubnames
                  0x0005e3        0x142 build/default/production/_ext/1728301206/RN4020.o

.debug_ranges
 *(.debug_ranges)

.debug_aranges    0x000000         0xa8
 *(.debug_aranges)
 .debug_aranges
                  0x000000         0x18 build/default/production/_ext/1728301206/hardware.o
 .debug_aranges
                  0x000018         0x18 build/default/production/_ext/1728301206/UART1.o
 .debug_aranges
                  0x000030         0x18 build/default/production/_ext/1728301206/Tick.o
 .debug_aranges
                  0x000048         0x18 build/default/production/_ext/1728301206/UART2.o
 .debug_aranges
                  0x000060         0x18 build/default/production/_ext/1728301206/main.o
 .debug_aranges
                  0x000078         0x18 build/default/production/_ext/1728301206/PowerMeter.o
 .debug_aranges
                  0x000090         0x18 build/default/production/_ext/1728301206/RN4020.o
                    0x0000                  WREG0 = 0x0
                    0x0000                  _WREG0 = 0x0
                    0x0002                  WREG1 = 0x2
                    0x0002                  _WREG1 = 0x2
                    0x0004                  WREG2 = 0x4
                    0x0004                  _WREG2 = 0x4
                    0x0006                  WREG3 = 0x6
                    0x0006                  _WREG3 = 0x6
                    0x0008                  WREG4 = 0x8
                    0x0008                  _WREG4 = 0x8
                    0x000a                  WREG5 = 0xa
                    0x000a                  _WREG5 = 0xa
                    0x000c                  WREG6 = 0xc
                    0x000c                  _WREG6 = 0xc
                    0x000e                  WREG7 = 0xe
                    0x000e                  _WREG7 = 0xe
                    0x0010                  WREG8 = 0x10
                    0x0010                  _WREG8 = 0x10
                    0x0012                  WREG9 = 0x12
                    0x0012                  _WREG9 = 0x12
                    0x0014                  WREG10 = 0x14
                    0x0014                  _WREG10 = 0x14
                    0x0016                  WREG11 = 0x16
                    0x0016                  _WREG11 = 0x16
                    0x0018                  WREG12 = 0x18
                    0x0018                  _WREG12 = 0x18
                    0x001a                  WREG13 = 0x1a
                    0x001a                  _WREG13 = 0x1a
                    0x001c                  WREG14 = 0x1c
                    0x001c                  _WREG14 = 0x1c
                    0x001e                  WREG15 = 0x1e
                    0x001e                  _WREG15 = 0x1e
                    0x0020                  SPLIM = 0x20
                    0x0020                  _SPLIM = 0x20
                    0x002e                  PCL = 0x2e
                    0x002e                  _PCL = 0x2e
                    0x0030                  PCH = 0x30
                    0x0030                  _PCH = 0x30
                    0x0032                  TBLPAG = 0x32
                    0x0032                  _TBLPAG = 0x32
                    0x0034                  PSVPAG = 0x34
                    0x0034                  _PSVPAG = 0x34
                    0x0036                  RCOUNT = 0x36
                    0x0036                  _RCOUNT = 0x36
                    0x0042                  SR = 0x42
                    0x0042                  _SR = 0x42
                    0x0042                  _SRbits = 0x42
                    0x0044                  CORCON = 0x44
                    0x0044                  _CORCON = 0x44
                    0x0044                  _CORCONbits = 0x44
                    0x0052                  DISICNT = 0x52
                    0x0052                  _DISICNT = 0x52
                    0x0060                  CNEN1 = 0x60
                    0x0060                  _CNEN1 = 0x60
                    0x0060                  _CNEN1bits = 0x60
                    0x0062                  CNEN2 = 0x62
                    0x0062                  _CNEN2 = 0x62
                    0x0062                  _CNEN2bits = 0x62
                    0x0068                  CNPU1 = 0x68
                    0x0068                  _CNPU1 = 0x68
                    0x0068                  _CNPU1bits = 0x68
                    0x006a                  CNPU2 = 0x6a
                    0x006a                  _CNPU2 = 0x6a
                    0x006a                  _CNPU2bits = 0x6a
                    0x0080                  INTCON1 = 0x80
                    0x0080                  _INTCON1 = 0x80
                    0x0080                  _INTCON1bits = 0x80
                    0x0082                  INTCON2 = 0x82
                    0x0082                  _INTCON2 = 0x82
                    0x0082                  _INTCON2bits = 0x82
                    0x0084                  IFS0 = 0x84
                    0x0084                  _IFS0 = 0x84
                    0x0084                  _IFS0bits = 0x84
                    0x0086                  IFS1 = 0x86
                    0x0086                  _IFS1 = 0x86
                    0x0086                  _IFS1bits = 0x86
                    0x0088                  IFS2 = 0x88
                    0x0088                  _IFS2 = 0x88
                    0x0088                  _IFS2bits = 0x88
                    0x008a                  IFS3 = 0x8a
                    0x008a                  _IFS3 = 0x8a
                    0x008a                  _IFS3bits = 0x8a
                    0x008c                  IFS4 = 0x8c
                    0x008c                  _IFS4 = 0x8c
                    0x008c                  _IFS4bits = 0x8c
                    0x0094                  IEC0 = 0x94
                    0x0094                  _IEC0 = 0x94
                    0x0094                  _IEC0bits = 0x94
                    0x0096                  IEC1 = 0x96
                    0x0096                  _IEC1 = 0x96
                    0x0096                  _IEC1bits = 0x96
                    0x0098                  IEC2 = 0x98
                    0x0098                  _IEC2 = 0x98
                    0x0098                  _IEC2bits = 0x98
                    0x009a                  IEC3 = 0x9a
                    0x009a                  _IEC3 = 0x9a
                    0x009a                  _IEC3bits = 0x9a
                    0x009c                  IEC4 = 0x9c
                    0x009c                  _IEC4 = 0x9c
                    0x009c                  _IEC4bits = 0x9c
                    0x00a4                  IPC0 = 0xa4
                    0x00a4                  _IPC0 = 0xa4
                    0x00a4                  _IPC0bits = 0xa4
                    0x00a6                  IPC1 = 0xa6
                    0x00a6                  _IPC1 = 0xa6
                    0x00a6                  _IPC1bits = 0xa6
                    0x00a8                  IPC2 = 0xa8
                    0x00a8                  _IPC2 = 0xa8
                    0x00a8                  _IPC2bits = 0xa8
                    0x00aa                  IPC3 = 0xaa
                    0x00aa                  _IPC3 = 0xaa
                    0x00aa                  _IPC3bits = 0xaa
                    0x00ac                  IPC4 = 0xac
                    0x00ac                  _IPC4 = 0xac
                    0x00ac                  _IPC4bits = 0xac
                    0x00ae                  IPC5 = 0xae
                    0x00ae                  _IPC5 = 0xae
                    0x00ae                  _IPC5bits = 0xae
                    0x00b0                  IPC6 = 0xb0
                    0x00b0                  _IPC6 = 0xb0
                    0x00b0                  _IPC6bits = 0xb0
                    0x00b2                  IPC7 = 0xb2
                    0x00b2                  _IPC7 = 0xb2
                    0x00b2                  _IPC7bits = 0xb2
                    0x00b4                  IPC8 = 0xb4
                    0x00b4                  _IPC8 = 0xb4
                    0x00b4                  _IPC8bits = 0xb4
                    0x00b6                  IPC9 = 0xb6
                    0x00b6                  _IPC9 = 0xb6
                    0x00b6                  _IPC9bits = 0xb6
                    0x00b8                  IPC10 = 0xb8
                    0x00b8                  _IPC10 = 0xb8
                    0x00b8                  _IPC10bits = 0xb8
                    0x00ba                  IPC11 = 0xba
                    0x00ba                  _IPC11 = 0xba
                    0x00ba                  _IPC11bits = 0xba
                    0x00bc                  IPC12 = 0xbc
                    0x00bc                  _IPC12 = 0xbc
                    0x00bc                  _IPC12bits = 0xbc
                    0x00c2                  IPC15 = 0xc2
                    0x00c2                  _IPC15 = 0xc2
                    0x00c2                  _IPC15bits = 0xc2
                    0x00c4                  IPC16 = 0xc4
                    0x00c4                  _IPC16 = 0xc4
                    0x00c4                  _IPC16bits = 0xc4
                    0x00c8                  IPC18 = 0xc8
                    0x00c8                  _IPC18 = 0xc8
                    0x00c8                  _IPC18bits = 0xc8
                    0x00ca                  IPC19 = 0xca
                    0x00ca                  _IPC19 = 0xca
                    0x00ca                  _IPC19bits = 0xca
                    0x00e0                  INTTREG = 0xe0
                    0x00e0                  _INTTREG = 0xe0
                    0x00e0                  _INTTREGbits = 0xe0
                    0x0100                  TMR1 = 0x100
                    0x0100                  _TMR1 = 0x100
                    0x0102                  PR1 = 0x102
                    0x0102                  _PR1 = 0x102
                    0x0104                  T1CON = 0x104
                    0x0104                  _T1CON = 0x104
                    0x0104                  _T1CONbits = 0x104
                    0x0106                  TMR2 = 0x106
                    0x0106                  _TMR2 = 0x106
                    0x0108                  TMR3HLD = 0x108
                    0x0108                  _TMR3HLD = 0x108
                    0x010a                  TMR3 = 0x10a
                    0x010a                  _TMR3 = 0x10a
                    0x010c                  PR2 = 0x10c
                    0x010c                  _PR2 = 0x10c
                    0x010e                  PR3 = 0x10e
                    0x010e                  _PR3 = 0x10e
                    0x0110                  T2CON = 0x110
                    0x0110                  _T2CON = 0x110
                    0x0110                  _T2CONbits = 0x110
                    0x0112                  T3CON = 0x112
                    0x0112                  _T3CON = 0x112
                    0x0112                  _T3CONbits = 0x112
                    0x0114                  TMR4 = 0x114
                    0x0114                  _TMR4 = 0x114
                    0x0116                  TMR5HLD = 0x116
                    0x0116                  _TMR5HLD = 0x116
                    0x0118                  TMR5 = 0x118
                    0x0118                  _TMR5 = 0x118
                    0x011a                  PR4 = 0x11a
                    0x011a                  _PR4 = 0x11a
                    0x011c                  PR5 = 0x11c
                    0x011c                  _PR5 = 0x11c
                    0x011e                  T4CON = 0x11e
                    0x011e                  _T4CON = 0x11e
                    0x011e                  _T4CONbits = 0x11e
                    0x0120                  T5CON = 0x120
                    0x0120                  _T5CON = 0x120
                    0x0120                  _T5CONbits = 0x120
                    0x0140                  IC1CON1 = 0x140
                    0x0140                  _IC1CON1 = 0x140
                    0x0140                  _IC1CON1bits = 0x140
                    0x0142                  IC1CON2 = 0x142
                    0x0142                  _IC1CON2 = 0x142
                    0x0142                  _IC1CON2bits = 0x142
                    0x0144                  IC1BUF = 0x144
                    0x0144                  _IC1BUF = 0x144
                    0x0146                  IC1TMR = 0x146
                    0x0146                  _IC1TMR = 0x146
                    0x0148                  IC2CON1 = 0x148
                    0x0148                  _IC2CON1 = 0x148
                    0x0148                  _IC2CON1bits = 0x148
                    0x014a                  IC2CON2 = 0x14a
                    0x014a                  _IC2CON2 = 0x14a
                    0x014a                  _IC2CON2bits = 0x14a
                    0x014c                  IC2BUF = 0x14c
                    0x014c                  _IC2BUF = 0x14c
                    0x014e                  IC2TMR = 0x14e
                    0x014e                  _IC2TMR = 0x14e
                    0x0150                  IC3CON1 = 0x150
                    0x0150                  _IC3CON1 = 0x150
                    0x0150                  _IC3CON1bits = 0x150
                    0x0152                  IC3CON2 = 0x152
                    0x0152                  _IC3CON2 = 0x152
                    0x0152                  _IC3CON2bits = 0x152
                    0x0154                  IC3BUF = 0x154
                    0x0154                  _IC3BUF = 0x154
                    0x0156                  IC3TMR = 0x156
                    0x0156                  _IC3TMR = 0x156
                    0x0158                  IC4CON1 = 0x158
                    0x0158                  _IC4CON1 = 0x158
                    0x0158                  _IC4CON1bits = 0x158
                    0x015a                  IC4CON2 = 0x15a
                    0x015a                  _IC4CON2 = 0x15a
                    0x015a                  _IC4CON2bits = 0x15a
                    0x015c                  IC4BUF = 0x15c
                    0x015c                  _IC4BUF = 0x15c
                    0x015e                  IC4TMR = 0x15e
                    0x015e                  _IC4TMR = 0x15e
                    0x0160                  IC5CON1 = 0x160
                    0x0160                  _IC5CON1 = 0x160
                    0x0160                  _IC5CON1bits = 0x160
                    0x0162                  IC5CON2 = 0x162
                    0x0162                  _IC5CON2 = 0x162
                    0x0162                  _IC5CON2bits = 0x162
                    0x0164                  IC5BUF = 0x164
                    0x0164                  _IC5BUF = 0x164
                    0x0166                  IC5TMR = 0x166
                    0x0166                  _IC5TMR = 0x166
                    0x0190                  OC1CON1 = 0x190
                    0x0190                  _OC1CON1 = 0x190
                    0x0190                  _OC1CON1bits = 0x190
                    0x0192                  OC1CON2 = 0x192
                    0x0192                  _OC1CON2 = 0x192
                    0x0192                  _OC1CON2bits = 0x192
                    0x0194                  OC1RS = 0x194
                    0x0194                  _OC1RS = 0x194
                    0x0196                  OC1R = 0x196
                    0x0196                  _OC1R = 0x196
                    0x0198                  OC1TMR = 0x198
                    0x0198                  _OC1TMR = 0x198
                    0x019a                  OC2CON1 = 0x19a
                    0x019a                  _OC2CON1 = 0x19a
                    0x019a                  _OC2CON1bits = 0x19a
                    0x019c                  OC2CON2 = 0x19c
                    0x019c                  _OC2CON2 = 0x19c
                    0x019c                  _OC2CON2bits = 0x19c
                    0x019e                  OC2RS = 0x19e
                    0x019e                  _OC2RS = 0x19e
                    0x01a0                  OC2R = 0x1a0
                    0x01a0                  _OC2R = 0x1a0
                    0x01a2                  OC2TMR = 0x1a2
                    0x01a2                  _OC2TMR = 0x1a2
                    0x01a4                  OC3CON1 = 0x1a4
                    0x01a4                  _OC3CON1 = 0x1a4
                    0x01a4                  _OC3CON1bits = 0x1a4
                    0x01a6                  OC3CON2 = 0x1a6
                    0x01a6                  _OC3CON2 = 0x1a6
                    0x01a6                  _OC3CON2bits = 0x1a6
                    0x01a8                  OC3RS = 0x1a8
                    0x01a8                  _OC3RS = 0x1a8
                    0x01aa                  OC3R = 0x1aa
                    0x01aa                  _OC3R = 0x1aa
                    0x01ac                  OC3TMR = 0x1ac
                    0x01ac                  _OC3TMR = 0x1ac
                    0x01ae                  OC4CON1 = 0x1ae
                    0x01ae                  _OC4CON1 = 0x1ae
                    0x01ae                  _OC4CON1bits = 0x1ae
                    0x01b0                  OC4CON2 = 0x1b0
                    0x01b0                  _OC4CON2 = 0x1b0
                    0x01b0                  _OC4CON2bits = 0x1b0
                    0x01b2                  OC4RS = 0x1b2
                    0x01b2                  _OC4RS = 0x1b2
                    0x01b4                  OC4R = 0x1b4
                    0x01b4                  _OC4R = 0x1b4
                    0x01b6                  OC4TMR = 0x1b6
                    0x01b6                  _OC4TMR = 0x1b6
                    0x01b8                  OC5CON1 = 0x1b8
                    0x01b8                  _OC5CON1 = 0x1b8
                    0x01b8                  _OC5CON1bits = 0x1b8
                    0x01ba                  OC5CON2 = 0x1ba
                    0x01ba                  _OC5CON2 = 0x1ba
                    0x01ba                  _OC5CON2bits = 0x1ba
                    0x01bc                  OC5RS = 0x1bc
                    0x01bc                  _OC5RS = 0x1bc
                    0x01be                  OC5R = 0x1be
                    0x01be                  _OC5R = 0x1be
                    0x01c0                  OC5TMR = 0x1c0
                    0x01c0                  _OC5TMR = 0x1c0
                    0x0200                  I2C1RCV = 0x200
                    0x0200                  _I2C1RCV = 0x200
                    0x0202                  I2C1TRN = 0x202
                    0x0202                  _I2C1TRN = 0x202
                    0x0204                  I2C1BRG = 0x204
                    0x0204                  _I2C1BRG = 0x204
                    0x0206                  I2C1CON = 0x206
                    0x0206                  _I2C1CON = 0x206
                    0x0206                  _I2C1CONbits = 0x206
                    0x0208                  I2C1STAT = 0x208
                    0x0208                  _I2C1STAT = 0x208
                    0x0208                  _I2C1STATbits = 0x208
                    0x020a                  I2C1ADD = 0x20a
                    0x020a                  _I2C1ADD = 0x20a
                    0x020c                  I2C1MSK = 0x20c
                    0x020c                  _I2C1MSK = 0x20c
                    0x0210                  I2C2RCV = 0x210
                    0x0210                  _I2C2RCV = 0x210
                    0x0212                  I2C2TRN = 0x212
                    0x0212                  _I2C2TRN = 0x212
                    0x0214                  I2C2BRG = 0x214
                    0x0214                  _I2C2BRG = 0x214
                    0x0216                  I2C2CON = 0x216
                    0x0216                  _I2C2CON = 0x216
                    0x0216                  _I2C2CONbits = 0x216
                    0x0218                  I2C2STAT = 0x218
                    0x0218                  _I2C2STAT = 0x218
                    0x0218                  _I2C2STATbits = 0x218
                    0x021a                  I2C2ADD = 0x21a
                    0x021a                  _I2C2ADD = 0x21a
                    0x021c                  I2C2MSK = 0x21c
                    0x021c                  _I2C2MSK = 0x21c
                    0x0220                  U1MODE = 0x220
                    0x0220                  _U1MODE = 0x220
                    0x0220                  _U1MODEbits = 0x220
                    0x0222                  U1STA = 0x222
                    0x0222                  _U1STA = 0x222
                    0x0222                  _U1STAbits = 0x222
                    0x0224                  U1TXREG = 0x224
                    0x0224                  _U1TXREG = 0x224
                    0x0224                  _U1TXREGbits = 0x224
                    0x0226                  U1RXREG = 0x226
                    0x0226                  _U1RXREG = 0x226
                    0x0226                  _U1RXREGbits = 0x226
                    0x0228                  U1BRG = 0x228
                    0x0228                  _U1BRG = 0x228
                    0x0230                  U2MODE = 0x230
                    0x0230                  _U2MODE = 0x230
                    0x0230                  _U2MODEbits = 0x230
                    0x0232                  U2STA = 0x232
                    0x0232                  _U2STA = 0x232
                    0x0232                  _U2STAbits = 0x232
                    0x0234                  U2TXREG = 0x234
                    0x0234                  _U2TXREG = 0x234
                    0x0234                  _U2TXREGbits = 0x234
                    0x0236                  U2RXREG = 0x236
                    0x0236                  _U2RXREG = 0x236
                    0x0236                  _U2RXREGbits = 0x236
                    0x0238                  U2BRG = 0x238
                    0x0238                  _U2BRG = 0x238
                    0x0240                  SPI1STAT = 0x240
                    0x0240                  _SPI1STAT = 0x240
                    0x0240                  _SPI1STATbits = 0x240
                    0x0242                  SPI1CON1 = 0x242
                    0x0242                  _SPI1CON1 = 0x242
                    0x0242                  _SPI1CON1bits = 0x242
                    0x0244                  SPI1CON2 = 0x244
                    0x0244                  _SPI1CON2 = 0x244
                    0x0244                  _SPI1CON2bits = 0x244
                    0x0248                  SPI1BUF = 0x248
                    0x0248                  _SPI1BUF = 0x248
                    0x0260                  SPI2STAT = 0x260
                    0x0260                  _SPI2STAT = 0x260
                    0x0260                  _SPI2STATbits = 0x260
                    0x0262                  SPI2CON1 = 0x262
                    0x0262                  _SPI2CON1 = 0x262
                    0x0262                  _SPI2CON1bits = 0x262
                    0x0264                  SPI2CON2 = 0x264
                    0x0264                  _SPI2CON2 = 0x264
                    0x0264                  _SPI2CON2bits = 0x264
                    0x0268                  SPI2BUF = 0x268
                    0x0268                  _SPI2BUF = 0x268
                    0x02c0                  TRISA = 0x2c0
                    0x02c0                  _TRISA = 0x2c0
                    0x02c0                  _TRISAbits = 0x2c0
                    0x02c2                  PORTA = 0x2c2
                    0x02c2                  _PORTA = 0x2c2
                    0x02c2                  _PORTAbits = 0x2c2
                    0x02c4                  LATA = 0x2c4
                    0x02c4                  _LATA = 0x2c4
                    0x02c4                  _LATAbits = 0x2c4
                    0x02c6                  ODCA = 0x2c6
                    0x02c6                  _ODCA = 0x2c6
                    0x02c6                  _ODCAbits = 0x2c6
                    0x02c8                  TRISB = 0x2c8
                    0x02c8                  _TRISB = 0x2c8
                    0x02c8                  _TRISBbits = 0x2c8
                    0x02ca                  PORTB = 0x2ca
                    0x02ca                  _PORTB = 0x2ca
                    0x02ca                  _PORTBbits = 0x2ca
                    0x02cc                  LATB = 0x2cc
                    0x02cc                  _LATB = 0x2cc
                    0x02cc                  _LATBbits = 0x2cc
                    0x02ce                  ODCB = 0x2ce
                    0x02ce                  _ODCB = 0x2ce
                    0x02ce                  _ODCBbits = 0x2ce
                    0x02fc                  PADCFG1 = 0x2fc
                    0x02fc                  _PADCFG1 = 0x2fc
                    0x02fc                  _PADCFG1bits = 0x2fc
                    0x0300                  ADC1BUF0 = 0x300
                    0x0300                  _ADC1BUF0 = 0x300
                    0x0302                  ADC1BUF1 = 0x302
                    0x0302                  _ADC1BUF1 = 0x302
                    0x0304                  ADC1BUF2 = 0x304
                    0x0304                  _ADC1BUF2 = 0x304
                    0x0306                  ADC1BUF3 = 0x306
                    0x0306                  _ADC1BUF3 = 0x306
                    0x0308                  ADC1BUF4 = 0x308
                    0x0308                  _ADC1BUF4 = 0x308
                    0x030a                  ADC1BUF5 = 0x30a
                    0x030a                  _ADC1BUF5 = 0x30a
                    0x030c                  ADC1BUF6 = 0x30c
                    0x030c                  _ADC1BUF6 = 0x30c
                    0x030e                  ADC1BUF7 = 0x30e
                    0x030e                  _ADC1BUF7 = 0x30e
                    0x0310                  ADC1BUF8 = 0x310
                    0x0310                  _ADC1BUF8 = 0x310
                    0x0312                  ADC1BUF9 = 0x312
                    0x0312                  _ADC1BUF9 = 0x312
                    0x0314                  ADC1BUFA = 0x314
                    0x0314                  _ADC1BUFA = 0x314
                    0x0316                  ADC1BUFB = 0x316
                    0x0316                  _ADC1BUFB = 0x316
                    0x0318                  ADC1BUFC = 0x318
                    0x0318                  _ADC1BUFC = 0x318
                    0x031a                  ADC1BUFD = 0x31a
                    0x031a                  _ADC1BUFD = 0x31a
                    0x031c                  ADC1BUFE = 0x31c
                    0x031c                  _ADC1BUFE = 0x31c
                    0x031e                  ADC1BUFF = 0x31e
                    0x031e                  _ADC1BUFF = 0x31e
                    0x0320                  AD1CON1 = 0x320
                    0x0320                  _AD1CON1 = 0x320
                    0x0320                  _AD1CON1bits = 0x320
                    0x0322                  AD1CON2 = 0x322
                    0x0322                  _AD1CON2 = 0x322
                    0x0322                  _AD1CON2bits = 0x322
                    0x0324                  AD1CON3 = 0x324
                    0x0324                  _AD1CON3 = 0x324
                    0x0324                  _AD1CON3bits = 0x324
                    0x0328                  AD1CHS = 0x328
                    0x0328                  _AD1CHS = 0x328
                    0x0328                  _AD1CHSbits = 0x328
                    0x0328                  AD1CHS0 = 0x328
                    0x0328                  _AD1CHS0 = 0x328
                    0x0328                  _AD1CHS0bits = 0x328
                    0x032c                  AD1PCFG = 0x32c
                    0x032c                  _AD1PCFG = 0x32c
                    0x032c                  _AD1PCFGbits = 0x32c
                    0x032c                  AD1PCFGL = 0x32c
                    0x032c                  _AD1PCFGL = 0x32c
                    0x032c                  _AD1PCFGLbits = 0x32c
                    0x0330                  AD1CSSL = 0x330
                    0x0330                  _AD1CSSL = 0x330
                    0x0330                  _AD1CSSLbits = 0x330
                    0x033c                  CTMUCON = 0x33c
                    0x033c                  _CTMUCON = 0x33c
                    0x033c                  _CTMUCONbits = 0x33c
                    0x033e                  CTMUICON = 0x33e
                    0x033e                  _CTMUICON = 0x33e
                    0x033e                  _CTMUICONbits = 0x33e
                    0x0600                  PMCON = 0x600
                    0x0600                  _PMCON = 0x600
                    0x0600                  _PMCONbits = 0x600
                    0x0602                  PMMODE = 0x602
                    0x0602                  _PMMODE = 0x602
                    0x0602                  _PMMODEbits = 0x602
                    0x0604                  PMADDR = 0x604
                    0x0604                  _PMADDR = 0x604
                    0x0604                  _PMADDRbits = 0x604
                    0x0604                  PMDOUT1 = 0x604
                    0x0604                  _PMDOUT1 = 0x604
                    0x0606                  PMDOUT2 = 0x606
                    0x0606                  _PMDOUT2 = 0x606
                    0x0608                  PMDIN1 = 0x608
                    0x0608                  _PMDIN1 = 0x608
                    0x060a                  PMDIN2 = 0x60a
                    0x060a                  _PMDIN2 = 0x60a
                    0x060c                  PMAEN = 0x60c
                    0x060c                  _PMAEN = 0x60c
                    0x060c                  _PMAENbits = 0x60c
                    0x060e                  PMSTAT = 0x60e
                    0x060e                  _PMSTAT = 0x60e
                    0x060e                  _PMSTATbits = 0x60e
                    0x0620                  ALRMVAL = 0x620
                    0x0620                  _ALRMVAL = 0x620
                    0x0622                  ALCFGRPT = 0x622
                    0x0622                  _ALCFGRPT = 0x622
                    0x0622                  _ALCFGRPTbits = 0x622
                    0x0624                  RTCVAL = 0x624
                    0x0624                  _RTCVAL = 0x624
                    0x0626                  RCFGCAL = 0x626
                    0x0626                  _RCFGCAL = 0x626
                    0x0626                  _RCFGCALbits = 0x626
                    0x0640                  CRCCON = 0x640
                    0x0640                  _CRCCON = 0x640
                    0x0640                  _CRCCONbits = 0x640
                    0x0640                  CRCCON1 = 0x640
                    0x0640                  _CRCCON1 = 0x640
                    0x0640                  _CRCCON1bits = 0x640
                    0x0642                  CRCCON2 = 0x642
                    0x0642                  _CRCCON2 = 0x642
                    0x0642                  _CRCCON2bits = 0x642
                    0x0644                  CRCXOR = 0x644
                    0x0644                  _CRCXOR = 0x644
                    0x0644                  _CRCXORbits = 0x644
                    0x0644                  CRCXORL = 0x644
                    0x0644                  _CRCXORL = 0x644
                    0x0644                  _CRCXORLbits = 0x644
                    0x0646                  CRCXORH = 0x646
                    0x0646                  _CRCXORH = 0x646
                    0x0646                  _CRCXORHbits = 0x646
                    0x0648                  CRCDAT = 0x648
                    0x0648                  _CRCDAT = 0x648
                    0x0648                  CRCDAT32 = 0x648
                    0x0648                  _CRCDAT32 = 0x648
                    0x0648                  CRCDAT8 = 0x648
                    0x0648                  _CRCDAT8 = 0x648
                    0x0648                  CRCDATL = 0x648
                    0x0648                  _CRCDATL = 0x648
                    0x064a                  CRCDATH = 0x64a
                    0x064a                  _CRCDATH = 0x64a
                    0x064c                  CRCWDAT = 0x64c
                    0x064c                  _CRCWDAT = 0x64c
                    0x064c                  CRCWDATL = 0x64c
                    0x064c                  _CRCWDATL = 0x64c
                    0x064e                  CRCWDATH = 0x64e
                    0x064e                  _CRCWDATH = 0x64e
                    0x0650                  CMSTAT = 0x650
                    0x0650                  _CMSTAT = 0x650
                    0x0650                  _CMSTATbits = 0x650
                    0x0652                  CVRCON = 0x652
                    0x0652                  _CVRCON = 0x652
                    0x0652                  _CVRCONbits = 0x652
                    0x0654                  CM1CON = 0x654
                    0x0654                  _CM1CON = 0x654
                    0x0654                  _CM1CONbits = 0x654
                    0x065c                  CM2CON = 0x65c
                    0x065c                  _CM2CON = 0x65c
                    0x065c                  _CM2CONbits = 0x65c
                    0x0664                  CM3CON = 0x664
                    0x0664                  _CM3CON = 0x664
                    0x0664                  _CM3CONbits = 0x664
                    0x0680                  RPINR0 = 0x680
                    0x0680                  _RPINR0 = 0x680
                    0x0680                  _RPINR0bits = 0x680
                    0x0682                  RPINR1 = 0x682
                    0x0682                  _RPINR1 = 0x682
                    0x0682                  _RPINR1bits = 0x682
                    0x0686                  RPINR3 = 0x686
                    0x0686                  _RPINR3 = 0x686
                    0x0686                  _RPINR3bits = 0x686
                    0x0688                  RPINR4 = 0x688
                    0x0688                  _RPINR4 = 0x688
                    0x0688                  _RPINR4bits = 0x688
                    0x068e                  RPINR7 = 0x68e
                    0x068e                  _RPINR7 = 0x68e
                    0x068e                  _RPINR7bits = 0x68e
                    0x0690                  RPINR8 = 0x690
                    0x0690                  _RPINR8 = 0x690
                    0x0690                  _RPINR8bits = 0x690
                    0x0692                  RPINR9 = 0x692
                    0x0692                  _RPINR9 = 0x692
                    0x0692                  _RPINR9bits = 0x692
                    0x0696                  RPINR11 = 0x696
                    0x0696                  _RPINR11 = 0x696
                    0x0696                  _RPINR11bits = 0x696
                    0x06a4                  RPINR18 = 0x6a4
                    0x06a4                  _RPINR18 = 0x6a4
                    0x06a4                  _RPINR18bits = 0x6a4
                    0x06a6                  RPINR19 = 0x6a6
                    0x06a6                  _RPINR19 = 0x6a6
                    0x06a6                  _RPINR19bits = 0x6a6
                    0x06a8                  RPINR20 = 0x6a8
                    0x06a8                  _RPINR20 = 0x6a8
                    0x06a8                  _RPINR20bits = 0x6a8
                    0x06aa                  RPINR21 = 0x6aa
                    0x06aa                  _RPINR21 = 0x6aa
                    0x06aa                  _RPINR21bits = 0x6aa
                    0x06ac                  RPINR22 = 0x6ac
                    0x06ac                  _RPINR22 = 0x6ac
                    0x06ac                  _RPINR22bits = 0x6ac
                    0x06ae                  RPINR23 = 0x6ae
                    0x06ae                  _RPINR23 = 0x6ae
                    0x06ae                  _RPINR23bits = 0x6ae
                    0x06c0                  RPOR0 = 0x6c0
                    0x06c0                  _RPOR0 = 0x6c0
                    0x06c0                  _RPOR0bits = 0x6c0
                    0x06c2                  RPOR1 = 0x6c2
                    0x06c2                  _RPOR1 = 0x6c2
                    0x06c2                  _RPOR1bits = 0x6c2
                    0x06c4                  RPOR2 = 0x6c4
                    0x06c4                  _RPOR2 = 0x6c4
                    0x06c4                  _RPOR2bits = 0x6c4
                    0x06c6                  RPOR3 = 0x6c6
                    0x06c6                  _RPOR3 = 0x6c6
                    0x06c6                  _RPOR3bits = 0x6c6
                    0x06c8                  RPOR4 = 0x6c8
                    0x06c8                  _RPOR4 = 0x6c8
                    0x06c8                  _RPOR4bits = 0x6c8
                    0x06ca                  RPOR5 = 0x6ca
                    0x06ca                  _RPOR5 = 0x6ca
                    0x06ca                  _RPOR5bits = 0x6ca
                    0x06cc                  RPOR6 = 0x6cc
                    0x06cc                  _RPOR6 = 0x6cc
                    0x06cc                  _RPOR6bits = 0x6cc
                    0x06ce                  RPOR7 = 0x6ce
                    0x06ce                  _RPOR7 = 0x6ce
                    0x06ce                  _RPOR7bits = 0x6ce
                    0x0740                  RCON = 0x740
                    0x0740                  _RCON = 0x740
                    0x0740                  _RCONbits = 0x740
                    0x0742                  OSCCON = 0x742
                    0x0742                  _OSCCON = 0x742
                    0x0742                  _OSCCONbits = 0x742
                    0x0742                  OSCCONL = 0x742
                    0x0742                  _OSCCONL = 0x742
                    0x0743                  OSCCONH = 0x743
                    0x0743                  _OSCCONH = 0x743
                    0x0744                  CLKDIV = 0x744
                    0x0744                  _CLKDIV = 0x744
                    0x0744                  _CLKDIVbits = 0x744
                    0x0748                  OSCTUN = 0x748
                    0x0748                  _OSCTUN = 0x748
                    0x0748                  _OSCTUNbits = 0x748
                    0x074e                  REFOCON = 0x74e
                    0x074e                  _REFOCON = 0x74e
                    0x074e                  _REFOCONbits = 0x74e
                    0x0758                  DSCON = 0x758
                    0x0758                  _DSCON = 0x758
                    0x0758                  _DSCONbits = 0x758
                    0x075a                  DSWAKE = 0x75a
                    0x075a                  _DSWAKE = 0x75a
                    0x075a                  _DSWAKEbits = 0x75a
                    0x075c                  DSGPR0 = 0x75c
                    0x075c                  _DSGPR0 = 0x75c
                    0x075c                  _DSGPR0bits = 0x75c
                    0x075e                  DSGPR1 = 0x75e
                    0x075e                  _DSGPR1 = 0x75e
                    0x075e                  _DSGPR1bits = 0x75e
                    0x0760                  NVMCON = 0x760
                    0x0760                  _NVMCON = 0x760
                    0x0760                  _NVMCONbits = 0x760
                    0x0766                  NVMKEY = 0x766
                    0x0766                  _NVMKEY = 0x766
                    0x0770                  PMD1 = 0x770
                    0x0770                  _PMD1 = 0x770
                    0x0770                  _PMD1bits = 0x770
                    0x0772                  PMD2 = 0x772
                    0x0772                  _PMD2 = 0x772
                    0x0772                  _PMD2bits = 0x772
                    0x0774                  PMD3 = 0x774
                    0x0774                  _PMD3 = 0x774
                    0x0774                  _PMD3bits = 0x774
                    0x0776                  PMD4 = 0x776
                    0x0776                  _PMD4 = 0x776
                    0x0776                  _PMD4bits = 0x776
                    0x0144                  IC1 = 0x144
                    0x0144                  _IC1 = 0x144
                    0x014c                  IC2 = 0x14c
                    0x014c                  _IC2 = 0x14c
                    0x0154                  IC3 = 0x154
                    0x0154                  _IC3 = 0x154
                    0x015c                  IC4 = 0x15c
                    0x015c                  _IC4 = 0x15c
                    0x0164                  IC5 = 0x164
                    0x0164                  _IC5 = 0x164
                    0x0194                  OC1 = 0x194
                    0x0194                  _OC1 = 0x194
                    0x019e                  OC2 = 0x19e
                    0x019e                  _OC2 = 0x19e
                    0x01a8                  OC3 = 0x1a8
                    0x01a8                  _OC3 = 0x1a8
                    0x01b2                  OC4 = 0x1b2
                    0x01b2                  _OC4 = 0x1b2
                    0x01bc                  OC5 = 0x1bc
                    0x01bc                  _OC5 = 0x1bc
                    0x0240                  SPI1 = 0x240
                    0x0240                  _SPI1 = 0x240
                    0x0260                  SPI2 = 0x260
                    0x0260                  _SPI2 = 0x260
                    0x0220                  UART1 = 0x220
                    0x0220                  _UART1 = 0x220
                    0x0230                  UART2 = 0x230
                    0x0230                  _UART2 = 0x230
START GROUP
LOAD c:/program files (x86)/microchip/xc16/v1.32/bin/bin/../../lib\libpic30-elf.a
LOAD c:/program files (x86)/microchip/xc16/v1.32/bin/bin/../../lib\libm-elf.a
LOAD c:/program files (x86)/microchip/xc16/v1.32/bin/bin/../../lib\libc-elf.a
END GROUP
OUTPUT(dist/default/production/Smart_Plug.X.production.elf elf32-pic30)
LOAD default_isr
LOAD data_init

.debug_pubtypes
                  0x0000a8        0x5c8
 .debug_pubtypes
                  0x0000a8         0x6f build/default/production/_ext/1728301206/hardware.o
 .debug_pubtypes
                  0x000117        0x17a build/default/production/_ext/1728301206/UART1.o
 .debug_pubtypes
                  0x000291         0xa2 build/default/production/_ext/1728301206/Tick.o
 .debug_pubtypes
                  0x000333        0x15d build/default/production/_ext/1728301206/UART2.o
 .debug_pubtypes
                  0x000490         0x86 build/default/production/_ext/1728301206/main.o
 .debug_pubtypes
                  0x000516         0x2b build/default/production/_ext/1728301206/PowerMeter.o
 .debug_pubtypes
                  0x000541        0x12f build/default/production/_ext/1728301206/RN4020.o

__c30_signature
                  0x000670         0x60
 __c30_signature
                  0x000670          0x6 build/default/production/_ext/1728301206/hardware.o
 __c30_signature
                  0x000676          0x6 build/default/production/_ext/1728301206/UART1.o
 __c30_signature
                  0x00067c          0x6 build/default/production/_ext/1728301206/Tick.o
 __c30_signature
                  0x000682          0x6 build/default/production/_ext/1728301206/UART2.o
 __c30_signature
                  0x000688          0x6 build/default/production/_ext/1728301206/main.o
 __c30_signature
                  0x00068e          0x6 build/default/production/_ext/1728301206/PowerMeter.o
 __c30_signature
                  0x000694          0x6 build/default/production/_ext/1728301206/RN4020.o
 __c30_signature
                  0x00069a          0x6 c:/program files (x86)/microchip/xc16/v1.32/bin/bin/../../lib\libpic30-elf.a(crt0_standard.o)
 __c30_signature
                  0x0006a0          0x6 c:/program files (x86)/microchip/xc16/v1.32/bin/bin/../../lib\libpic30-elf.a(data_init_standard.o)
 __c30_signature
                  0x0006a6          0x6 c:/program files (x86)/microchip/xc16/v1.32/bin/bin/../../lib\libc-elf.a(memcpy.eo)
 __c30_signature
                  0x0006ac          0x6 c:/program files (x86)/microchip/xc16/v1.32/bin/bin/../../lib\libc-elf.a(strcmp.eo)
 __c30_signature
                  0x0006b2          0x6 c:/program files (x86)/microchip/xc16/v1.32/bin/bin/../../lib\libc-elf.a(strcpy.eo)
 __c30_signature
                  0x0006b8          0x6 c:/program files (x86)/microchip/xc16/v1.32/bin/bin/../../lib\libc-elf.a(strlen.eo)
 __c30_signature
                  0x0006be          0x6 c:/program files (x86)/microchip/xc16/v1.32/bin/bin/../../lib\libc-elf.a(strstr.eo)
 __c30_signature
                  0x0006c4          0x6 c:/program files (x86)/microchip/xc16/v1.32/bin/bin/../../lib\libc-elf.a(strchr.elo)
 __c30_signature
                  0x0006ca          0x6 c:/program files (x86)/microchip/xc16/v1.32/bin/bin/../../lib\libc-elf.a(strncmp.eo)

.nbss               0x0800         0x44
 .nbss              0x0800         0x10 build/default/production/_ext/1728301206/RN4020.o
                    0x0800                  _rnState
                    0x0802                  _RN4020InBufferLen
                    0x0804                  _RN4020Connected
 .nbss              0x0810          0xe build/default/production/_ext/1728301206/UART2.o
                    0x0810                  _u2PacketTick
                    0x0812                  _u2RxTick
                    0x0814                  _u2TxCount
                    0x0816                  _u2IsDataReady
                    0x0818                  _u2TxLen
                    0x081a                  _u2RxCount
                    0x081c                  _u2ClearBufferWhileSending
 .nbss              0x081e          0xc build/default/production/_ext/1728301206/UART1.o
                    0x081e                  _u1PacketTick
                    0x0820                  _u1RxTick
                    0x0822                  _u1TxCount
                    0x0824                  _u1IsDataReady
                    0x0826                  _u1TxLen
                    0x0828                  _u1RxCount
 .nbss              0x082a          0xa build/default/production/_ext/1728301206/PowerMeter.o
                    0x082a                  _pmDataLen
                    0x082b                  _pmDataLenEnergy
                    0x082c                  _CalibrationState
                    0x082d                  _ReadingState
                    0x082e                  _RelaytoDefault
                    0x082f                  _RelayOnStartUp
                    0x0830                  _Calibration1
                    0x0831                  _Calibration2
                    0x0832                  _Voltage_Energy_switch
                    0x0833                  _ReadCommand
 .nbss              0x0834          0x8 build/default/production/_ext/1728301206/Tick.o
                    0x0834                  _TickMs
 .nbss              0x083c          0x8 build/default/production/_ext/1728301206/main.o
                    0x083c                  _sendData
                    0x083f                  _StartCommandDelay
                    0x0840                  _StartEnergyCounting
                    0x0842                  _counter

.ndata              0x0844          0x4
 .ndata             0x0844          0x2 build/default/production/_ext/1728301206/main.o
                    0x0844                  _BTmoduleON
 .ndata             0x0846          0x2 build/default/production/_ext/1728301206/RN4020.o
                    0x0846                  _bOwner

.bss                0x0848        0x3dc
 .bss               0x0848        0x200 build/default/production/_ext/1728301206/UART2.o
                    0x0848                  _u2TxBuffer
                    0x0948                  _u2RxBuffer
 .bss               0x0a48        0x114 build/default/production/_ext/1728301206/RN4020.o
                    0x0a48                  _RN4020InBuffer
                    0x0b48                  _RN4020ID
 .bss               0x0b5c         0x64 build/default/production/_ext/1728301206/UART1.o
                    0x0b5c                  _u1TxBuffer
                    0x0b8e                  _u1RxBuffer
 .bss               0x0bc0         0x64 build/default/production/_ext/1728301206/PowerMeter.o
                    0x0bc0                  _pmData
                    0x0bf2                  _pmDataEnergy

.config_JTAGEN    0x0057fe          0x2
 .config_JTAGEN
                  0x0057fe          0x2 build/default/production/_ext/1728301206/hardware.o

.config_IESO      0x0057fc          0x2
 .config_IESO     0x0057fc          0x2 build/default/production/_ext/1728301206/hardware.o

.config_WPEND     0x0057fa          0x2
 .config_WPEND    0x0057fa          0x2 build/default/production/_ext/1728301206/hardware.o

.config_DSWDTEN
                  0x0057f8          0x2
 .config_DSWDTEN
                  0x0057f8          0x2 build/default/production/_ext/1728301206/hardware.o

.ivt._U1RXInterrupt
                  0x00002a          0x2
 .ivt._U1RXInterrupt
                  0x00002a          0x2 build/default/production/_ext/1728301206/UART1.o

.ivt._U1TXInterrupt
                  0x00002c          0x2
 .ivt._U1TXInterrupt
                  0x00002c          0x2 build/default/production/_ext/1728301206/UART1.o

.ivt._T5Interrupt
                  0x00004c          0x2
 .ivt._T5Interrupt
                  0x00004c          0x2 build/default/production/_ext/1728301206/Tick.o

.ivt._U2RXInterrupt
                  0x000050          0x2
 .ivt._U2RXInterrupt
                  0x000050          0x2 build/default/production/_ext/1728301206/UART2.o

.ivt._U2TXInterrupt
                  0x000052          0x2
 .ivt._U2TXInterrupt
                  0x000052          0x2 build/default/production/_ext/1728301206/UART2.o

.const              0x854e        0x514 load address 0x00054e  
 .const             0x854e        0x504 build/default/production/_ext/1728301206/RN4020.o
                    0x854e                  _rnConfig
                    0x8a26                  _BT_off
 .const             0x8a52         0x10 build/default/production/_ext/1728301206/main.o

.text             0x000a62       0x1148
 .text            0x000a62        0x734 build/default/production/_ext/1728301206/PowerMeter.o
                  0x000a62                  _PowerMeterInit
                  0x000a6c                  _PowerMeterGetData
                  0x000a82                  _PowerMeterGetDataEnergy
                  0x000a98                  _PowerMeterGetDataSize
                  0x000aa0                  _PowerMeterGetDataSizeEnergy
                  0x000aa8                  _PowerMeterClearBuffer
                  0x000ab0                  _PowerMeterClearEnergyBuffer
                  0x000ab8                  _PowerMeterRead
                  0x000b18                  _PowerMeterReadEnergy
                  0x000b78                  _StartEnergyCount
                  0x000bec                  _StopEnergyCount
                  0x000c60                  _Calibration1Sequence
                  0x000dc2                  _Calibration2Sequence
                  0x000e92                  _ReadVoltage
                  0x000f8e                  _SetRange
                  0x0010b6                  _FrequencyCalibrationCommand
                  0x0010ee                  _GainCalibrationCommand
                  0x001126                  _ReactiveCalibrationCommand
                  0x00115e                  _SaveToFlashCommand
 .text            0x001196        0x456 build/default/production/_ext/1728301206/main.o
                  0x001196                  _main
                  0x0014b4                  _RN4020CommandHandler
 .text            0x0015ec        0x3e8 build/default/production/_ext/1728301206/RN4020.o
                  0x0015ec                  _RN4020Init
                  0x001628                  _RN4020Task
                  0x0018ac                  _RN4020_BT_OFF
                  0x0018da                  _IsSystemMessage
                  0x00193c                  _RN4020SendData
                  0x00195e                  _RN4020GetData
                  0x001974                  _RN4020GetDataSize
                  0x00197c                  _RN4020ClearBuffer
                  0x001984                  _toUpper
                  0x0019cc                  _RN4020isConnected
 .text            0x0019d4         0xee build/default/production/_ext/1728301206/UART1.o
                  0x0019d4                  _U1Init
                  0x001a2e                  _UART1SendData
                  0x001a54                  _UART1ReceiveData
                  0x001a90                  _Checksum
                  0x001aa4                  _UART1TickHandler
 .text            0x001ac2         0xe8 build/default/production/_ext/1728301206/UART2.o
                  0x001ac2                  _U2Init
                  0x001b1c                  _UART2SendData
                  0x001b42                  _UART2ReceiveData
                  0x001b7e                  _UART2TickHandler
                  0x001b9c                  _UART2SetClearBufferWhileSending

.dinit            0x001baa         0x4e
 .dinit           0x001baa         0x4e data_init

.text             0x001bf8         0x6a
 .text            0x001bf8         0x40 build/default/production/_ext/1728301206/Tick.o
                  0x001bf8                  _TickInit
                  0x001c20                  _TickGet
 .text            0x001c38         0x2a build/default/production/_ext/1728301206/hardware.o
                  0x001c38                  _HardwareInit
